Requirement already satisfied: adafruit-circuitpython-pn532 in ./.venv/lib/python3.14/site-packages (from -r backend/requirements.txt (line 1)) (2.4.9)
Requirement already satisfied: lgpio in ./.venv/lib/python3.14/site-packages (from -r backend/requirements.txt (line 2)) (0.2.2.0)
Requirement already satisfied: cbor2<6 in ./.venv/lib/python3.14/site-packages (from -r backend/requirements.txt (line 3)) (5.9.0)
Requirement already satisfied: pycardano in ./.venv/lib/python3.14/site-packages (from -r backend/requirements.txt (line 4)) (0.19.2)
Requirement already satisfied: python-dotenv in ./.venv/lib/python3.14/site-packages (from -r backend/requirements.txt (line 5)) (1.2.2)
Requirement already satisfied: requests in ./.venv/lib/python3.14/site-packages (from -r backend/requirements.txt (line 6)) (2.34.2)
Requirement already satisfied: fastapi in ./.venv/lib/python3.14/site-packages (from -r backend/requirements.txt (line 7)) (0.136.3)
Requirement already satisfied: websockets in ./.venv/lib/python3.14/site-packages (from -r backend/requirements.txt (line 9)) (16.0)
Requirement already satisfied: uvicorn[standard] in ./.venv/lib/python3.14/site-packages (from -r backend/requirements.txt (line 8)) (0.49.0)
Requirement already satisfied: Adafruit-Blinka in ./.venv/lib/python3.14/site-packages (from adafruit-circuitpython-pn532->-r backend/requirements.txt (line 1)) (9.1.0)
Requirement already satisfied: adafruit-circuitpython-busdevice in ./.venv/lib/python3.14/site-packages (from adafruit-circuitpython-pn532->-r backend/requirements.txt (line 1)) (5.2.17)
Requirement already satisfied: adafruit-circuitpython-typing in ./.venv/lib/python3.14/site-packages (from adafruit-circuitpython-pn532->-r backend/requirements.txt (line 1)) (1.12.3)
Requirement already satisfied: pyserial in ./.venv/lib/python3.14/site-packages (from adafruit-circuitpython-pn532->-r backend/requirements.txt (line 1)) (3.5)
Requirement already satisfied: typing-extensions~=4.0 in ./.venv/lib/python3.14/site-packages (from adafruit-circuitpython-pn532->-r backend/requirements.txt (line 1)) (4.15.0)
Requirement already satisfied: ECPy>=1.2.5 in ./.venv/lib/python3.14/site-packages (from pycardano->-r backend/requirements.txt (line 4)) (1.2.5)
Requirement already satisfied: PyNaCl>=1.5.0 in ./.venv/lib/python3.14/site-packages (from pycardano->-r backend/requirements.txt (line 4)) (1.6.2)
Requirement already satisfied: base58>=2.1.0 in ./.venv/lib/python3.14/site-packages (from pycardano->-r backend/requirements.txt (line 4)) (2.1.1)
Requirement already satisfied: blockfrost-python>=0.6.0 in ./.venv/lib/python3.14/site-packages (from pycardano->-r backend/requirements.txt (line 4)) (0.7.0)
Requirement already satisfied: cachetools>=5.3.0 in ./.venv/lib/python3.14/site-packages (from pycardano->-r backend/requirements.txt (line 4)) (7.1.4)
Requirement already satisfied: cbor2pure>=5.7.2 in ./.venv/lib/python3.14/site-packages (from pycardano->-r backend/requirements.txt (line 4)) (5.8.0)
Requirement already satisfied: cose>=0.9.dev8 in ./.venv/lib/python3.14/site-packages (from pycardano->-r backend/requirements.txt (line 4)) (0.9.dev8)
Requirement already satisfied: docker>=7.1.0 in ./.venv/lib/python3.14/site-packages (from pycardano->-r backend/requirements.txt (line 4)) (7.1.0)
Requirement already satisfied: frozendict>=2.3.8 in ./.venv/lib/python3.14/site-packages (from pycardano->-r backend/requirements.txt (line 4)) (2.4.7)
Requirement already satisfied: frozenlist>=1.3.3 in ./.venv/lib/python3.14/site-packages (from pycardano->-r backend/requirements.txt (line 4)) (1.8.0)
Requirement already satisfied: mnemonic>=0.21 in ./.venv/lib/python3.14/site-packages (from pycardano->-r backend/requirements.txt (line 4)) (0.21)
Requirement already satisfied: ogmios>=1.4.2 in ./.venv/lib/python3.14/site-packages (from pycardano->-r backend/requirements.txt (line 4)) (1.4.3)
Requirement already satisfied: pprintpp>=0.4.0 in ./.venv/lib/python3.14/site-packages (from pycardano->-r backend/requirements.txt (line 4)) (0.4.0)
Requirement already satisfied: typeguard>=4.3.0 in ./.venv/lib/python3.14/site-packages (from pycardano->-r backend/requirements.txt (line 4)) (4.5.2)
Requirement already satisfied: websocket-client>=1.4.1 in ./.venv/lib/python3.14/site-packages (from pycardano->-r backend/requirements.txt (line 4)) (1.9.0)
Requirement already satisfied: charset_normalizer<4,>=2 in ./.venv/lib/python3.14/site-packages (from requests->-r backend/requirements.txt (line 6)) (3.4.7)
Requirement already satisfied: idna<4,>=2.5 in ./.venv/lib/python3.14/site-packages (from requests->-r backend/requirements.txt (line 6)) (3.18)
Requirement already satisfied: urllib3<3,>=1.26 in ./.venv/lib/python3.14/site-packages (from requests->-r backend/requirements.txt (line 6)) (2.7.0)
Requirement already satisfied: certifi>=2023.5.7 in ./.venv/lib/python3.14/site-packages (from requests->-r backend/requirements.txt (line 6)) (2026.5.20)
Requirement already satisfied: starlette>=0.46.0 in ./.venv/lib/python3.14/site-packages (from fastapi->-r backend/requirements.txt (line 7)) (1.2.1)
Requirement already satisfied: pydantic>=2.9.0 in ./.venv/lib/python3.14/site-packages (from fastapi->-r backend/requirements.txt (line 7)) (2.13.4)
Requirement already satisfied: typing-inspection>=0.4.2 in ./.venv/lib/python3.14/site-packages (from fastapi->-r backend/requirements.txt (line 7)) (0.4.2)
Requirement already satisfied: annotated-doc>=0.0.2 in ./.venv/lib/python3.14/site-packages (from fastapi->-r backend/requirements.txt (line 7)) (0.0.4)
Requirement already satisfied: click>=7.0 in ./.venv/lib/python3.14/site-packages (from uvicorn[standard]->-r backend/requirements.txt (line 8)) (8.4.1)
Requirement already satisfied: h11>=0.8 in ./.venv/lib/python3.14/site-packages (from uvicorn[standard]->-r backend/requirements.txt (line 8)) (0.16.0)
Requirement already satisfied: httptools>=0.8.0 in ./.venv/lib/python3.14/site-packages (from uvicorn[standard]->-r backend/requirements.txt (line 8)) (0.8.0)
Requirement already satisfied: pyyaml>=5.1 in ./.venv/lib/python3.14/site-packages (from uvicorn[standard]->-r backend/requirements.txt (line 8)) (6.0.3)
Requirement already satisfied: uvloop>=0.15.1 in ./.venv/lib/python3.14/site-packages (from uvicorn[standard]->-r backend/requirements.txt (line 8)) (0.22.1)
Requirement already satisfied: watchfiles>=0.20 in ./.venv/lib/python3.14/site-packages (from uvicorn[standard]->-r backend/requirements.txt (line 8)) (1.2.0)
Requirement already satisfied: cryptography in ./.venv/lib/python3.14/site-packages (from cose>=0.9.dev8->pycardano->-r backend/requirements.txt (line 4)) (48.0.0)
Requirement already satisfied: ecdsa in ./.venv/lib/python3.14/site-packages (from cose>=0.9.dev8->pycardano->-r backend/requirements.txt (line 4)) (0.19.2)
Requirement already satisfied: attrs in ./.venv/lib/python3.14/site-packages (from cose>=0.9.dev8->pycardano->-r backend/requirements.txt (line 4)) (26.1.0)
Requirement already satisfied: certvalidator in ./.venv/lib/python3.14/site-packages (from cose>=0.9.dev8->pycardano->-r backend/requirements.txt (line 4)) (0.11.1)
Requirement already satisfied: cardano-tools in ./.venv/lib/python3.14/site-packages (from ogmios>=1.4.2->pycardano->-r backend/requirements.txt (line 4)) (2.1.0)
Requirement already satisfied: coloredlogs in ./.venv/lib/python3.14/site-packages (from ogmios>=1.4.2->pycardano->-r backend/requirements.txt (line 4)) (15.0.1)
Requirement already satisfied: orjson in ./.venv/lib/python3.14/site-packages (from ogmios>=1.4.2->pycardano->-r backend/requirements.txt (line 4)) (3.11.9)
Requirement already satisfied: setuptools>=75.3.2 in ./.venv/lib/python3.14/site-packages (from ogmios>=1.4.2->pycardano->-r backend/requirements.txt (line 4)) (82.0.1)
Requirement already satisfied: annotated-types>=0.6.0 in ./.venv/lib/python3.14/site-packages (from pydantic>=2.9.0->fastapi->-r backend/requirements.txt (line 7)) (0.7.0)
Requirement already satisfied: pydantic-core==2.46.4 in ./.venv/lib/python3.14/site-packages (from pydantic>=2.9.0->fastapi->-r backend/requirements.txt (line 7)) (2.46.4)
Requirement already satisfied: cffi>=2.0.0 in ./.venv/lib/python3.14/site-packages (from PyNaCl>=1.5.0->pycardano->-r backend/requirements.txt (line 4)) (2.0.0)
Requirement already satisfied: pycparser in ./.venv/lib/python3.14/site-packages (from cffi>=2.0.0->PyNaCl>=1.5.0->pycardano->-r backend/requirements.txt (line 4)) (3.0)
Requirement already satisfied: anyio<5,>=3.6.2 in ./.venv/lib/python3.14/site-packages (from starlette>=0.46.0->fastapi->-r backend/requirements.txt (line 7)) (4.13.0)
Requirement already satisfied: Adafruit-PlatformDetect>=3.70.1 in ./.venv/lib/python3.14/site-packages (from Adafruit-Blinka->adafruit-circuitpython-pn532->-r backend/requirements.txt (line 1)) (3.88.0)
Requirement already satisfied: Adafruit-PureIO>=1.1.7 in ./.venv/lib/python3.14/site-packages (from Adafruit-Blinka->adafruit-circuitpython-pn532->-r backend/requirements.txt (line 1)) (1.1.11)
Requirement already satisfied: binho-host-adapter>=0.1.6 in ./.venv/lib/python3.14/site-packages (from Adafruit-Blinka->adafruit-circuitpython-pn532->-r backend/requirements.txt (line 1)) (0.1.6)
Requirement already satisfied: pyftdi>=0.40.0 in ./.venv/lib/python3.14/site-packages (from Adafruit-Blinka->adafruit-circuitpython-pn532->-r backend/requirements.txt (line 1)) (0.57.2)
Requirement already satisfied: sysv_ipc>=1.1.0 in ./.venv/lib/python3.14/site-packages (from Adafruit-Blinka->adafruit-circuitpython-pn532->-r backend/requirements.txt (line 1)) (1.2.0)
Requirement already satisfied: pyusb!=1.2.0,>=1.0.0 in ./.venv/lib/python3.14/site-packages (from pyftdi>=0.40.0->Adafruit-Blinka->adafruit-circuitpython-pn532->-r backend/requirements.txt (line 1)) (1.3.1)
Requirement already satisfied: adafruit-circuitpython-requests in ./.venv/lib/python3.14/site-packages (from adafruit-circuitpython-typing->adafruit-circuitpython-pn532->-r backend/requirements.txt (line 1)) (4.1.17)
Requirement already satisfied: Adafruit-Circuitpython-ConnectionManager in ./.venv/lib/python3.14/site-packages (from adafruit-circuitpython-requests->adafruit-circuitpython-typing->adafruit-circuitpython-pn532->-r backend/requirements.txt (line 1)) (3.1.8)
Requirement already satisfied: pexpect<5.0.0,>=4.8.0 in ./.venv/lib/python3.14/site-packages (from cardano-tools->ogmios>=1.4.2->pycardano->-r backend/requirements.txt (line 4)) (4.9.0)
Requirement already satisfied: ptyprocess>=0.5 in ./.venv/lib/python3.14/site-packages (from pexpect<5.0.0,>=4.8.0->cardano-tools->ogmios>=1.4.2->pycardano->-r backend/requirements.txt (line 4)) (0.7.0)
Requirement already satisfied: asn1crypto>=0.18.1 in ./.venv/lib/python3.14/site-packages (from certvalidator->cose>=0.9.dev8->pycardano->-r backend/requirements.txt (line 4)) (1.5.1)
Requirement already satisfied: oscrypto>=0.16.1 in ./.venv/lib/python3.14/site-packages (from certvalidator->cose>=0.9.dev8->pycardano->-r backend/requirements.txt (line 4)) (1.3.0)
Requirement already satisfied: humanfriendly>=9.1 in ./.venv/lib/python3.14/site-packages (from coloredlogs->ogmios>=1.4.2->pycardano->-r backend/requirements.txt (line 4)) (10.0)
Requirement already satisfied: six>=1.9.0 in ./.venv/lib/python3.14/site-packages (from ecdsa->cose>=0.9.dev8->pycardano->-r backend/requirements.txt (line 4)) (1.17.0)
