Independence@Independence MINGW64 /d/Workspaces/htlabs/cardano-iot-example/iot5-qr-code-traceability (master)
$ bun run tracking
$ bun run ./cli/tracking.ts
┌──────────────────────────────────────────────┐
│          TRACKING NFT                        │
└──────────────────────────────────────────────┘

PolicyId: 4dc321a864af8fc5406a08dc2006458e765b4725b980188a43cce123
Asset: Huawei Watch GT4 Pro
Unit: 4dc321a864af8fc5406a08dc2006458e765b4725b980188a43cce123000643b0487561776569205761746368204754342050726f

Fetching tracking data...
✓ Tracking loaded

┌──────────────────────────────────────────────┐
│              TRACKING RESULT                 │
└──────────────────────────────────────────────┘
{
  "metadata": {
    "name": "Huawei Watch GT 4 Pro",
    "description": "The Huawei Watch GT 4 Pro is a high-end smartwatch featuring an aerospace-grade titanium case, spherical sapphire crystal glass, and a 1.5-inch LTPO AMOLED display (466×466 pixels, ~310 ppi). It offers up to 14 days of battery life (typical usage), HUAWEI TruSense health system (heart rate, SpO2, ECG, stress, sleep, skin temperature), 100+ sports modes, dual-band multi-system GPS, 5 ATM water resistance (50 meters), HarmonyOS, Bluetooth 5.2, NFC, and premium design for active, modern lifestyles.",
    "brand": "Huawei",
    "model": "Watch GT 4 Pro",
    "material": "Aerospace Titanium + Sapphire Glass",
    "battery": "Up to 14 days",
    "image": "ipfs://QmYourIPFSHashhuaweiwatchgt4frontpng",
    "mediaType": "image/png",
    "roadmap": "[Viet Nam, China, American, Russia]",
    "location": "American"
  },
  "transaction_history": [
    {
      "txHash": "044d57b450d477e83043bc346bd2589288a1e10705a4e2260e369dcc7489fccb",
      "datetime": 1780131344,
      "fee": "867277",
      "status": "Completed",
      "action": "Transfer",
      "metadata": {
        "name": "Huawei Watch GT 4 Pro",
        "description": "The Huawei Watch GT 4 Pro is a high-end smartwatch featuring an aerospace-grade titanium case, spherical sapphire crystal glass, and a 1.5-inch LTPO AMOLED display (466×466 pixels, ~310 ppi). It offers up to 14 days of battery life (typical usage), HUAWEI TruSense health system (heart rate, SpO2, ECG, stress, sleep, skin temperature), 100+ sports modes, dual-band multi-system GPS, 5 ATM water resistance (50 meters), HarmonyOS, Bluetooth 5.2, NFC, and premium design for active, modern lifestyles.",
        "brand": "Huawei",
        "model": "Watch GT 4 Pro",
        "material": "Aerospace Titanium + Sapphire Glass",
        "battery": "Up to 14 days",
        "image": "ipfs://QmYourIPFSHashhuaweiwatchgt4frontpng",
        "mediaType": "image/png",
        "roadmap": "[Viet Nam, China, American, Russia]",
        "location": "American"
      }
    },
    {
      "txHash": "0a8dc11d571fc7b2f00f98f63f26a621af090f944a9dff530606ea9fe4c9ba9e",
      "datetime": 1780131215,
      "fee": "867145",
      "status": "Completed",
      "action": "Transfer",
      "metadata": {
        "name": "Huawei Watch GT 4 Pro",
        "description": "The Huawei Watch GT 4 Pro is a high-end smartwatch featuring an aerospace-grade titanium case, spherical sapphire crystal glass, and a 1.5-inch LTPO AMOLED display (466×466 pixels, ~310 ppi). It offers up to 14 days of battery life (typical usage), HUAWEI TruSense health system (heart rate, SpO2, ECG, stress, sleep, skin temperature), 100+ sports modes, dual-band multi-system GPS, 5 ATM water resistance (50 meters), HarmonyOS, Bluetooth 5.2, NFC, and premium design for active, modern lifestyles.",
        "brand": "Huawei",
        "model": "Watch GT 4 Pro",
        "material": "Aerospace Titanium + Sapphire Glass",
        "battery": "Up to 14 days",
        "image": "ipfs://QmYourIPFSHashhuaweiwatchgt4frontpng",
        "mediaType": "image/png",
        "roadmap": "[Viet Nam, China, American, Russia]",
        "location": "China"
      }
    },
    {
      "txHash": "43cd79b57a86c7cc608d1bd205f925f970a6383a514c6270b1aee85d55a3b97a",
      "datetime": 1780130953,
      "fee": "878717",
      "status": "Completed",
      "action": "Mint",
      "metadata": {
        "name": "Huawei Watch GT 4 Pro - Premium Titanium Smartwatch",
        "description": "The Huawei Watch GT 4 Pro is a high-end smartwatch featuring an aerospace-grade titanium case, spherical sapphire crystal glass, and a 1.5-inch LTPO AMOLED display (466×466 pixels, ~310 ppi). It offers up to 14 days of battery life (typical usage), HUAWEI TruSense health system (heart rate, SpO2, ECG, stress, sleep, skin temperature), 100+ sports modes, dual-band multi-system GPS, 5 ATM water resistance (50 meters), HarmonyOS, Bluetooth 5.2, NFC, and premium design for active, modern lifestyles.",
        "brand": "Huawei",
        "model": "Watch GT 4 Pro",
        "material": "Aerospace Titanium + Sapphire Glass",
        "battery": "Up to 14 days",
        "image": "ipfs://QmYourIPFSHashhuaweiwatchgt4frontpng",
        "mediaType": "image/png",
        "roadmap": "[Viet Nam, China, American, Russia]",
        "location": "Viet Nam"
      }
    }
  ]
}