
Independence@Independence MINGW64 /d/Workspaces/htlabs/cardano-iot-example/iot5-qr-code-traceability (master)
$ bun run burn
$ bun run ./cli/burn.ts
┌──────────────────────────────────────────────┐
│          BURN PRODUCT NFT                    │
└──────────────────────────────────────────────┘

PolicyId: 4dc321a864af8fc5406a08dc2006458e765b4725b980188a43cce123
Asset to burn: Huawei Watch GT4 Pro
Asset Name (hex): 487561776569205761746368204754342050726f

Building burn transaction...
completing cost models...
fetching cost models from fetcher...
✓ Unsigned tx created

Signing burn transaction...
✓ Signed successfully

Submitting burn tx...
✓ Tx submitted!

Tx Hash: 9093e0b4e9c8fffe5d3d42de47e083aa3060c4ed602052b44149e3bb15e5fe2b
Explorer: https://preprod.cexplorer.io/tx/9093e0b4e9c8fffe5d3d42de47e083aa3060c4ed602052b44149e3bb15e5fe2b

Awaiting confirmation...

 SUCCESS
Transaction confirmed on-chain!

Explorer: https://preprod.cexplorer.io/tx/9093e0b4e9c8fffe5d3d42de47e083aa3060c4ed602052b44149e3bb15e5fe2b
┌──────────────────────────────────────────────┐
│        BURN COMPLETED (19.5s)                │
└──────────────────────────────────────────────┘