Independence@Independence MINGW64 /d/Workspaces/htlabs/cardano-iot-example/iot5-qr-code-traceability (master)
$ bun run mint
$ bun run ./cli/mint.ts
┌──────────────────────────────────────────────┐
│          MINT NEW PRODUCT NFT                │
└──────────────────────────────────────────────┘

PolicyId: 4dc321a864af8fc5406a08dc2006458e765b4725b980188a43cce123
Asset: Huawei Watch GT4 Pro
Asset Name (hex): 487561776569205761746368204754342050726f

Preparing metadata for mint...
✓ Metadata prepared
Initial location: Viet Nam

Building mint transaction...
completing cost models...
fetching cost models from fetcher...
✓ Unsigned tx created

Signing transaction...
✓ Signed successfully

Submitting to network...
✓ Tx submitted!

Tx Hash: 8c03ad9cfe563b69cc8ba34845fa5af317a91fbeb3de0a66388d003f6da9af50
Explorer: https://preprod.cexplorer.io/tx/8c03ad9cfe563b69cc8ba34845fa5af317a91fbeb3de0a66388d003f6da9af50

Awaiting confirmation...

 SUCCESS
Transaction confirmed on-chain!

Explorer: https://preprod.cexplorer.io/tx/8c03ad9cfe563b69cc8ba34845fa5af317a91fbeb3de0a66388d003f6da9af50
┌──────────────────────────────────────────────┐
│         MINT COMPLETED (43.4s)               │
└──────────────────────────────────────────────┘
